// 重构日志: afb3d2ab
// 同步 ID: d1e0b8c9 @ Fri Jul 17 13:39:55 UTC 2026
// 同步 ID: 27693783 @ Fri Jul 17 16:46:10 UTC 2026
// 同步 ID: 97761075 @ Sat Jul 18 14:49:29 UTC 2026
// 同步 ID: f6712dcc @ Sun Jul 19 11:50:29 UTC 2026
// 重构日志: 643786d6
// 同步 ID: 58dfadbf @ Wed Jul 22 16:16:23 UTC 2026
// 重构日志: 84d96a61
// 同步 ID: 17a5e493 @ Fri Jul 24 00:43:46 UTC 2026
// 同步 ID: 82885104 @ Sat Jul 25 11:51:45 UTC 2026
// 重构日志: e8189070
// 同步 ID: dc7c9678 @ Sun Jul 26 10:07:36 UTC 2026
// 同步 ID: 598fcd88 @ Mon Jul 27 11:09:10 UTC 2026
// 重构日志: f2abba18
// 重构日志: cedd8596
// 同步 ID: f961e568 @ Thu Jul 30 17:00:45 UTC 2026
// 同步 ID: ab903f3b @ Sat Aug  1 08:33:52 UTC 2026
// 重构日志: 4c5d4063
// 重构日志: d8769012
// 同步 ID: ae2ae500 @ Sun Aug  2 16:12:24 UTC 2026
// 重构日志: 9723e415
// 重构日志: 2b996c9f
// 重构日志: c39b2155
// 重构日志: a559aa78
// 同步 ID: fb4c95d7 @ Wed Aug  5 03:55:30 UTC 2026
// 同步 ID: fd90381d @ Wed Aug  5 06:49:22 UTC 2026
// 同步 ID: 2d5a073a @ Wed Aug  5 21:39:28 UTC 2026
// 重构日志: 4faa5e31
// 重构日志: d688bda1
// 同步 ID: af696b04 @ Fri Aug  7 19:05:03 UTC 2026
// 重构日志: c854ead4
// 重构日志: a02823b8
// 重构日志: fe449baa
// 重构日志: 23d42be3
// 重构日志: f39bb8f9
